// Jest Snapshot v1, https://goo.gl/fbAQLP

exports[`Header.tsx should render 1`] = `
<Segment
  basic={true}
>
  <Image
    as="img"
    centered={true}
    fluid={true}
    src="assets/logo.png"
    style={
      Object {
        "maxWidth": 200,
        "paddingTop": "4em",
        "width": "50%",
      }
    }
    ui={true}
  />
</Segment>
`;
