// Jest Snapshot v1, https://goo.gl/fbAQLP

exports[`ShortURL.tsx should render 1`] = `
<Segment
  basic={true}
  textAlign="center"
>
  <Grid
    textAlign="center"
  >
    <GridColumn
      width={9}
    >
      <Input
        action={
          Object {
            "color": "teal",
            "icon": "copy",
            "onClick": [Function],
          }
        }
        defaultValue="https://shortnr.localr/shortURL"
        fluid={true}
        readOnly={true}
        type="text"
      />
    </GridColumn>
  </Grid>
</Segment>
`;
